// Jest Snapshot v1, https://goo.gl/fbAQLP

exports[`FileUpload should match the snapshot 1`] = `ShallowWrapper {}`;
